// Jest Snapshot v1, https://goo.gl/fbAQLP

exports[`global: Navigation should render as expected 1`] = `
<AppBarMock
  classes={
    Object {
      "root": undefined,
    }
  }
  position="fixed"
>
  <ToolbarMock>
    <div>
      <ButtonMock
        classes={
          Object {
            "label": undefined,
            "root": undefined,
          }
        }
        color="secondary"
        key="layout.navigation.items.projects"
        onClick={[Function]}
      >
        layout.navigation.items.projects
      </ButtonMock>
      <ButtonMock
        classes={
          Object {
            "label": undefined,
            "root": undefined,
          }
        }
        color="secondary"
        key="layout.navigation.items.bio"
        onClick={[Function]}
      >
        layout.navigation.items.bio
      </ButtonMock>
      <ButtonMock
        classes={
          Object {
            "label": undefined,
            "root": undefined,
          }
        }
        color="secondary"
        key="layout.navigation.items.skills"
        onClick={[Function]}
      >
        layout.navigation.items.skills
      </ButtonMock>
      <ButtonMock
        classes={
          Object {
            "label": undefined,
            "root": undefined,
          }
        }
        color="secondary"
        key="layout.navigation.items.workflow"
        onClick={[Function]}
      >
        layout.navigation.items.workflow
      </ButtonMock>
    </div>
    <div>
      <LanguageSelect />
    </div>
  </ToolbarMock>
</AppBarMock>
`;
