// Jest Snapshot v1, https://goo.gl/fbAQLP

exports[`component: HomeTopbar rendering match snapshot  1`] = `
<WithStyles(ForwardRef(Toolbar))
  className="makeStyles-toolbar-1"
>
  <ResponsiveMenuMock
    items={
      Array [
        Object {
          "name": undefined,
          "props": Object {
            "active": false,
            "onClick": [Function],
          },
        },
        Object {
          "name": undefined,
          "props": Object {
            "active": false,
            "onClick": [Function],
          },
        },
        Object {
          "name": undefined,
          "props": Object {
            "active": false,
            "onClick": [Function],
          },
        },
        Object {
          "name": undefined,
          "props": Object {
            "active": false,
            "onClick": [Function],
          },
        },
        Object {
          "name": undefined,
          "props": Object {
            "active": false,
            "onClick": [Function],
          },
        },
        Object {
          "name": undefined,
          "props": Object {
            "active": false,
            "onClick": [Function],
          },
        },
      ]
    }
  />
</WithStyles(ForwardRef(Toolbar))>
`;
