// Jest Snapshot v1, https://goo.gl/fbAQLP

exports[`global: Home should render as expected 1`] = `
<div>
  <div
    className=""
    key="cafd1653-ce49-460d-8619-1bfd02108159"
  >
    <ProjectsMock />
  </div>
  <div
    className=""
    key="5d34a046-8800-4b90-a8d8-fc907b9e40da"
  >
    <BioMock />
  </div>
  <div
    className=""
    key="44f65e71-f151-4c0e-8446-268339863945"
  >
    <SkillsMock />
  </div>
  <div
    className=""
    key="898c5cdf-2341-4862-9cf3-bc16a67469a4"
  >
    <WorkflowMock />
  </div>
  <div
    className=""
    key="3d3a1e1f-8787-4169-a571-55c04db065b3"
  >
    <HobbiesMock />
  </div>
</div>
`;
