// Jest Snapshot v1, https://goo.gl/fbAQLP

exports[`global: Home should render as expected 1`] = `
<main
  role="main"
>
  <ProjectsMock
    classes={
      Object {
        "section": "undefined",
      }
    }
    key="Mocked UUIDV4"
  />
  <BioMock
    classes={
      Object {
        "section": "",
      }
    }
    key="Mocked UUIDV4"
  />
  <SkillsMock
    classes={
      Object {
        "section": "undefined",
      }
    }
    key="Mocked UUIDV4"
  />
  <WorkflowMock
    classes={
      Object {
        "section": "",
      }
    }
    key="Mocked UUIDV4"
  />
  <HobbiesMock
    classes={
      Object {
        "section": "undefined",
      }
    }
    key="Mocked UUIDV4"
  />
</main>
`;
