// Jest Snapshot v1, https://goo.gl/fbAQLP

exports[`global: Bio should render as expected 1`] = `
<div
  id="bio"
>
  <TypographyMock
    variant="h1"
  >
    Wait, wait... but who Am I?
  </TypographyMock>
  <TypographyMock
    variant="h2"
  >
    Unbrainless human
  </TypographyMock>
  <DividerMock />
  <TypographyMock
    variant="body1"
  >
    Lorem ipsum dolor sit amet, consectetur adipiscing elit, sed do eiusmod tempor incididunt ut labore et dolore magna aliqua. Ut enim ad minim veniam, quis nostrud exercitation ullamco laboris nisi ut aliquip ex ea commodo consequat. Duis aute irure dolor in reprehenderit in voluptate velit esse cillum dolore eu fugiat nulla pariatur. Excepteur sint occaecat cupidatat non proident, sunt in culpa qui officia deserunt mollit anim id est laborum.
  </TypographyMock>
  <DividerMock />
  <TypographyMock
    variant="body1"
  >
    Lorem ipsum dolor sit amet, consectetur adipiscing elit, sed do eiusmod tempor incididunt ut labore et dolore magna aliqua. Ut enim ad minim veniam, quis nostrud exercitation ullamco laboris nisi ut aliquip ex ea commodo consequat.
  </TypographyMock>
</div>
`;
