// Jest Snapshot v1, https://goo.gl/fbAQLP

exports[`global: Footer should render as expected 1`] = `
<footer>
  <WithStyles(Typography)
    variant="body2"
  >
    <FormattedMessage
      id="layout.footer.copyright"
      values={
        Object {
          "date": 2019,
        }
      }
    />
  </WithStyles(Typography)>
</footer>
`;
