// Jest Snapshot v1, https://goo.gl/fbAQLP

exports[`global: ProjectsList should render as expected 1`] = `
<div>
  <ProjectTileMock
    description="Test description1"
    key="testName1"
    name="testName1"
    tags={
      Object {
        "name": "testTag",
        "url": "testTagUrl",
      }
    }
    url="https://testurl.com"
  />
</div>
`;
