// Jest Snapshot v1, https://goo.gl/fbAQLP

exports[`global: ProjectsList should render as expected 1`] = `
<div>
  <div
    key="React Awesome Boilerplate"
  >
    <ProjectTileMock
      description="Carefully designed react boilerplate repositorium that gives you fast and smooth start! "
      image="forest-sunny-green.jpg"
      name="React Awesome Boilerplate"
      url="https://github.com/BartoszRak/React-Awesome-Boilerplate"
    />
  </div>
  <div
    key="Mx"
  >
    <ProjectTileMock
      description="Matrices computing library."
      image="coast-sunny.jpg"
      name="Mx"
      url="https://github.com/BartoszRak/Mx"
    />
  </div>
</div>
`;
