// Jest Snapshot v1, https://goo.gl/fbAQLP

exports[`global: ProjectsList should render as expected 1`] = `
<div>
  <ProjectTileMock
    description="Carefully designed react boilerplate repositorium that gives you fast and smooth start! "
    key="React Awesome Boilerplate"
    name="React Awesome Boilerplate"
    tags={
      Array [
        Object {
          "name": "React",
          "url": "https://reactjs.org/",
        },
        Object {
          "name": "Redux",
          "url": "https://redux.js.org/",
        },
        Object {
          "name": "Rematch",
          "url": "https://github.com/rematch/rematch",
        },
      ]
    }
    url="https://github.com/BartoszRak/React-Awesome-Boilerplate"
  />
  <ProjectTileMock
    description="Matrices computing library."
    key="Mx"
    name="Mx"
    tags={
      Array [
        Object {
          "name": "TypeScript",
          "url": "https://www.typescriptlang.org/",
        },
      ]
    }
    url="https://github.com/BartoszRak/Mx"
  />
</div>
`;
