// Jest Snapshot v1, https://goo.gl/fbAQLP

exports[`global: ProjectTile should render as expected 1`] = `
<a
  href="http://testurl.com"
  rel="noopener noreferrer"
  target="_blank"
>
  <PaperMock
    classes={
      Object {
        "root": undefined,
      }
    }
  >
    <TypographyMock
      variant="h1"
    >
      Example title
    </TypographyMock>
    <TypographyMock
      variant="body1"
    >
      Some example description
    </TypographyMock>
    <div>
      <TypographyMock
        key="exampleTag1"
        variant="h6"
      >
        exampleTag1
      </TypographyMock>
      <TypographyMock
        key="exampleTag2"
        variant="h6"
      >
        exampleTag2
      </TypographyMock>
      <TypographyMock
        key="exampleTag3"
        variant="h6"
      >
        exampleTag3
      </TypographyMock>
    </div>
  </PaperMock>
</a>
`;
