// Jest Snapshot v1, https://goo.gl/fbAQLP

exports[`component: Skills rendering match snapshot 1`] = `
<section
  className="makeStyles-section-3"
>
  <WithStyles(ForwardRef(Container))
    classes={
      Object {
        "root": "makeStyles-root-2",
      }
    }
    id="skills"
  >
    <WithStyles(ForwardRef(Typography))
      className="makeStyles-title-6"
      color="secondary"
      variant="h1"
    >
      <FormattedMessage
        id="pages.home.skills.title"
        values={Object {}}
      />
      <span
        aria-hidden={true}
        className="makeStyles-emoji-1"
      >
         😬
      </span>
    </WithStyles(ForwardRef(Typography))>
    <WithStyles(ForwardRef(Typography))
      className="makeStyles-subtitle-5"
      color="secondary"
      variant="h3"
    >
      <FormattedMessage
        id="pages.home.skills.levels.0.title"
        values={Object {}}
      />
    </WithStyles(ForwardRef(Typography))>
    <SkillsListMock
      className="makeStyles-skills-4"
      data={
        Array [
          Object {
            "advancement": 0,
            "name": "React",
          },
          Object {
            "advancement": 0,
            "name": "Testing Library",
          },
          Object {
            "advancement": 0,
            "name": "Javascript",
          },
          Object {
            "advancement": 0,
            "name": "Material UI",
          },
          Object {
            "advancement": 0,
            "name": "Express",
          },
          Object {
            "advancement": 0,
            "name": "Nestjs",
          },
          Object {
            "advancement": 0,
            "name": "Scss/Sass",
          },
          Object {
            "advancement": 0,
            "name": "Axios",
          },
          Object {
            "advancement": 0,
            "name": "Firebase",
          },
          Object {
            "advancement": 0,
            "name": "TypeScript",
          },
          Object {
            "advancement": 0,
            "name": "Rematch",
          },
          Object {
            "advancement": 0,
            "name": "Redux",
          },
          Object {
            "advancement": 0,
            "name": ".Jss",
          },
          Object {
            "advancement": 0,
            "name": "Immutable",
          },
          Object {
            "advancement": 0,
            "name": "Git",
          },
          Object {
            "advancement": 0,
            "name": "Formik",
          },
          Object {
            "advancement": 0,
            "name": "HTML",
          },
          Object {
            "advancement": 0,
            "name": "CSS",
          },
          Object {
            "advancement": 0,
            "name": "Rest API",
          },
        ]
      }
    />
    <WithStyles(ForwardRef(Typography))
      className="makeStyles-subtitle-5"
      color="secondary"
      variant="h3"
    >
      <FormattedMessage
        id="pages.home.skills.levels.1.title"
        values={Object {}}
      />
    </WithStyles(ForwardRef(Typography))>
    <SkillsListMock
      className="makeStyles-skills-4"
      data={
        Array [
          Object {
            "advancement": 1,
            "name": "Travis CI",
          },
          Object {
            "advancement": 1,
            "name": "Keycloak",
          },
          Object {
            "advancement": 1,
            "name": "Webpack",
          },
          Object {
            "advancement": 1,
            "name": "Sinon",
          },
          Object {
            "advancement": 1,
            "name": "MongoDB",
          },
          Object {
            "advancement": 1,
            "name": "Next.js",
          },
          Object {
            "advancement": 1,
            "name": "Typescript REST",
          },
          Object {
            "advancement": 1,
            "name": "GraphQL",
          },
          Object {
            "advancement": 1,
            "name": "jQuery",
          },
        ]
      }
    />
    <WithStyles(ForwardRef(Typography))
      className="makeStyles-subtitle-5"
      color="secondary"
      variant="h3"
    >
      <FormattedMessage
        id="pages.home.skills.levels.2.title"
        values={Object {}}
      />
    </WithStyles(ForwardRef(Typography))>
    <SkillsListMock
      className="makeStyles-skills-4"
      data={
        Array [
          Object {
            "advancement": 2,
            "name": "C++",
          },
          Object {
            "advancement": 2,
            "name": "SFML v2.0",
          },
          Object {
            "advancement": 2,
            "name": "Boost",
          },
          Object {
            "advancement": 2,
            "name": "Golang",
          },
          Object {
            "advancement": 2,
            "name": "Python",
          },
          Object {
            "advancement": 2,
            "name": "Gulp",
          },
          Object {
            "advancement": 2,
            "name": "Styled Components",
          },
          Object {
            "advancement": 2,
            "name": "Php",
          },
          Object {
            "advancement": 2,
            "name": "MySQL",
          },
          Object {
            "advancement": 2,
            "name": "Animejs",
          },
        ]
      }
    />
  </WithStyles(ForwardRef(Container))>
</section>
`;
