// Jest Snapshot v1, https://goo.gl/fbAQLP

exports[`global: Greeting should render as expected 1`] = `
<header>
  <AvatarMock
    alt="Author instagram picture"
    src="instagram-photo.jpg"
  />
  <TypographyMock
    color="secondary"
    variant="h1"
  >
    Bartosz Rak
  </TypographyMock>
  <TypographyMock
    color="secondary"
    variant="h2"
  >
    <FormattedMessage
      id="layout.greeting.subtitle"
      values={Object {}}
    />
    <span
      aria-hidden={true}
    >
      😁
    </span>
  </TypographyMock>
  <TypographyMock
    color="secondary"
    variant="h3"
  >
    <FormattedMessage
      id="layout.greeting.subsubtitle"
      values={Object {}}
    />
  </TypographyMock>
</header>
`;
