// Jest Snapshot v1, https://goo.gl/fbAQLP

exports[`global: MobileMenu should render as expected 1`] = `
<Fragment>
  <IconButtonMock
    onClick={[Function]}
  >
    <pure(MenuIcon)
      color="secondary"
    />
  </IconButtonMock>
  <ModalMock
    BackdropProps={
      Object {
        "classes": Object {
          "root": undefined,
        },
      }
    }
    disableAutoFocus={true}
    onBackdropClick={[Function]}
    open={false}
  >
    <MenuListMock>
      <MenuItemMock
        key="testElementName1"
        onClick={[Function]}
      >
        testElementName1
      </MenuItemMock>
      <MenuItemMock
        key="testElementName2"
        onClick={[Function]}
      >
        testElementName2
      </MenuItemMock>
    </MenuListMock>
  </ModalMock>
</Fragment>
`;
