// Jest Snapshot v1, https://goo.gl/fbAQLP

exports[`component: MainTopbar rendering match snapshot  1`] = `
<WithStyles(ForwardRef(Toolbar))
  className="makeStyles-root-2"
>
  <WithStyles(ForwardRef(Typography))
    className="makeStyles-title-3"
    variant="h1"
  >
    Bartosz Rak
  </WithStyles(ForwardRef(Typography))>
  <ResponsiveMenu
    className="makeStyles-menu-1"
    items={
      Array [
        Object {
          "active": false,
          "name": undefined,
          "props": Object {
            "href": "/",
          },
        },
        Object {
          "active": false,
          "name": undefined,
          "props": Object {
            "href": "/offer",
          },
        },
      ]
    }
  />
  <div>
    <LanguageSelectMock />
  </div>
</WithStyles(ForwardRef(Toolbar))>
`;
