// Jest Snapshot v1, https://goo.gl/fbAQLP

exports[`component: MainTopbar rendering match snapshot  1`] = `
<WithStyles(ForwardRef(Toolbar))
  className="makeStyles-root-1"
>
  <div>
    <WithStyles(ForwardRef(Typography))
      className="makeStyles-title-2"
      variant="h1"
    >
      Bartosz Rak
    </WithStyles(ForwardRef(Typography))>
  </div>
  <div>
    <LanguageSelectMock />
  </div>
</WithStyles(ForwardRef(Toolbar))>
`;
