// Jest Snapshot v1, https://goo.gl/fbAQLP

exports[`component: ProjectsList rendering match snapshot  1`] = `
<div
  className="makeStyles-root-1"
>
  <ProjectTileMock
    key="1 tile test title"
    project={
      Object {
        "description": "1 tile test description",
        "isFavorite": false,
        "tags": Array [],
        "title": "1 tile test title",
        "url": "http://1tiletesturl.com",
      }
    }
  />
  <ProjectTileMock
    key="2 tile test title"
    project={
      Object {
        "description": "2 tile test description",
        "isFavorite": false,
        "tags": Array [],
        "title": "2 tile test title",
        "url": "http://2tiletesturl.com",
      }
    }
  />
</div>
`;
