// Jest Snapshot v1, https://goo.gl/fbAQLP

exports[`component: Layout rendering match snapshot 1`] = `
<Fragment>
  <InjectIntl(Navigation) />
  <div
    className="makeStyles-root-3"
  >
    <Greeting />
    <SwitchMock>
      <RouteMock
        component={[Function]}
        to="/"
      />
      <RedirectMock
        from="*"
        to="/"
      />
    </SwitchMock>
    <WithStyles(Footer) />
  </div>
  <div
    aria-hidden={true}
    className="makeStyles-bottomShadow-1"
  />
  <aside
    className="makeStyles-information-2"
  >
    <FormattedMessage
      id="layout.information.title"
      values={Object {}}
    />
  </aside>
</Fragment>
`;
