// Jest Snapshot v1, https://goo.gl/fbAQLP

exports[`global: Layout should render as expected 1`] = `
<Fragment>
  <InjectIntl(Navigation) />
  <div>
    <GreetingMock />
    <SwitchMock>
      <RouteMock
        component="HomeMock"
        to="/"
      />
      <RedirectMock
        from="*"
        to="/"
      />
    </SwitchMock>
    <FooterMock />
  </div>
  <div
    aria-hidden={true}
  />
  <aside>
    <FormattedMessage
      id="layout.information.title"
      values={Object {}}
    />
  </aside>
</Fragment>
`;
