// Jest Snapshot v1, https://goo.gl/fbAQLP

exports[`component: Layout rendering match snapshot 1`] = `
<Fragment>
  <Navigation />
  <div
    className="makeStyles-root-3"
  >
    <SwitchMock>
      <RouteMock
        component={[Function]}
        path="/offer"
      />
      <RouteMock
        component={[Function]}
        exact={true}
        path="/"
      />
      <RedirectMock
        from="*"
        to="/"
      />
    </SwitchMock>
    <Footer />
  </div>
  <div
    aria-hidden={true}
    className="makeStyles-bottomShadow-1"
  />
  <aside
    className="makeStyles-information-2"
  >
    <FormattedMessage
      id="layout.information.title"
      values={Object {}}
    />
  </aside>
</Fragment>
`;
