// Jest Snapshot v1, https://goo.gl/fbAQLP

exports[`component: Projects rendering match snapshot 1`] = `
<section
  className="makeStyles-section-3"
>
  <WithStyles(ForwardRef(Container))
    classes={
      Object {
        "root": "makeStyles-root-2",
      }
    }
    id="projects"
  >
    <WithStyles(ForwardRef(Typography))
      className="makeStyles-title-5"
      color="secondary"
      variant="h1"
    >
      <FormattedMessage
        id="pages.home.projects.title"
        values={Object {}}
      />
      <span
        aria-hidden={true}
        className="makeStyles-emoji-1"
      >
         
        😎
      </span>
    </WithStyles(ForwardRef(Typography))>
    <WithStyles(ForwardRef(Typography))
      className="makeStyles-subtitle-4"
      color="secondary"
      variant="h2"
    >
      <FormattedMessage
        id="pages.home.projects.subtitle"
        values={Object {}}
      />
    </WithStyles(ForwardRef(Typography))>
    <ProjectsListMock
      data={
        Array [
          Object {
            "description": Object {
              "id": "pages.home.projects.projects.insectifyApi.description",
            },
            "isFavorite": false,
            "tags": Array [
              Object {
                "name": "Nestjs",
                "url": "https://nestjs.com/",
              },
              Object {
                "name": "Express",
                "url": "https://expressjs.com//",
              },
              Object {
                "name": "Firebase",
                "url": "https://firebase.google.com/",
              },
              Object {
                "name": "GraphQL",
                "url": "https://graphql.org/",
              },
            ],
            "title": Object {
              "id": "pages.home.projects.projects.insectifyApi.title",
            },
            "url": "https://github.com/BartoszRak/Insectify-api",
            "warning": "",
          },
          Object {
            "description": Object {
              "id": "pages.home.projects.projects.reactAwesomeBoilerplate.description",
            },
            "isFavorite": false,
            "tags": Array [
              Object {
                "name": "React",
                "url": "https://reactjs.org/",
              },
              Object {
                "name": "Redux",
                "url": "https://redux.js.org/",
              },
              Object {
                "name": "Rematch",
                "url": "https://github.com/rematch/rematch",
              },
            ],
            "title": Object {
              "id": "pages.home.projects.projects.reactAwesomeBoilerplate.title",
            },
            "url": "https://github.com/BartoszRak/React-Awesome-Boilerplate",
            "warning": Object {
              "id": "pages.home.projects.projects.reactAwesomeBoilerplate.warning",
            },
          },
          Object {
            "description": Object {
              "id": "pages.home.projects.projects.mx.description",
            },
            "isFavorite": false,
            "tags": Array [
              Object {
                "name": "TypeScript",
                "url": "https://www.typescriptlang.org/",
              },
            ],
            "title": Object {
              "id": "pages.home.projects.projects.mx.title",
            },
            "url": "https://github.com/BartoszRak/Mx",
            "warning": "",
          },
        ]
      }
    />
  </WithStyles(ForwardRef(Container))>
</section>
`;
