// Jest Snapshot v1, https://goo.gl/fbAQLP

exports[`global: Projects should render as expected 1`] = `
<section>
  <ContainerMock
    classes={
      Object {
        "root": undefined,
      }
    }
    id="projects"
  >
    <TypographyMock
      color="secondary"
      variant="h1"
    >
      <FormattedMessage
        id="pages.home.projects.title"
        values={Object {}}
      />
      <span
        aria-hidden={true}
      >
         
        😎
      </span>
    </TypographyMock>
    <ProjectsListMock
      data={
        Array [
          Object {
            "description": "pages.home.projects.projects.insectifyApi.description",
            "isFavorite": false,
            "tags": Array [
              Object {
                "name": "nestjs",
                "url": "https://nestjs.com/",
              },
              Object {
                "name": "Express",
                "url": "https://expressjs.com//",
              },
              Object {
                "name": "Firebase",
                "url": "https://firebase.google.com/",
              },
            ],
            "title": "pages.home.projects.projects.insectifyApi.title",
            "url": "https://github.com/BartoszRak/Insectify-api",
          },
          Object {
            "description": "pages.home.projects.projects.reactAwesomeBoilerplate.description",
            "isFavorite": false,
            "tags": Array [
              Object {
                "name": "React",
                "url": "https://reactjs.org/",
              },
              Object {
                "name": "Redux",
                "url": "https://redux.js.org/",
              },
              Object {
                "name": "Rematch",
                "url": "https://github.com/rematch/rematch",
              },
            ],
            "title": "pages.home.projects.projects.reactAwesomeBoilerplate.title",
            "url": "https://github.com/BartoszRak/React-Awesome-Boilerplate",
          },
          Object {
            "description": "pages.home.projects.projects.mx.description",
            "isFavorite": false,
            "tags": Array [
              Object {
                "name": "TypeScript",
                "url": "https://www.typescriptlang.org/",
              },
            ],
            "title": "pages.home.projects.projects.mx.title",
            "url": "https://github.com/BartoszRak/Mx",
          },
        ]
      }
    />
  </ContainerMock>
</section>
`;
