// Jest Snapshot v1, https://goo.gl/fbAQLP

exports[`component: Hobbies rendering match snapshot 1`] = `
<section
  className="makeStyles-section-3"
>
  <WithStyles(ForwardRef(Container))
    classes={
      Object {
        "root": "makeStyles-root-2",
      }
    }
    id="hobbies"
  >
    <WithStyles(ForwardRef(Typography))
      className="makeStyles-title-8"
      color="secondary"
      variant="h1"
    >
      <FormattedMessage
        id="pages.home.hobbies.title"
        values={Object {}}
      />
      <span
        aria-hidden={true}
        className="makeStyles-emoji-1"
      >
         
        🙄
      </span>
    </WithStyles(ForwardRef(Typography))>
    <div
      className="makeStyles-tilesHolder-7"
    >
      <article
        className="makeStyles-tile-4"
      >
        <WithStyles(ForwardRef(Typography))
          className="makeStyles-title-8"
          variant="h2"
        >
          <FormattedMessage
            id="pages.home.hobbies.tiles.insects.title"
            values={Object {}}
          />
        </WithStyles(ForwardRef(Typography))>
        <WithStyles(ForwardRef(Typography))
          className="makeStyles-tileDescription-5"
          variant="body1"
        >
          <FormattedMessage
            id="pages.home.hobbies.tiles.insects.description"
            values={Object {}}
          />
        </WithStyles(ForwardRef(Typography))>
        <img
          alt="Assasing bug"
          className="makeStyles-tileImage-6"
          src="assasin-bug.jpg"
        />
      </article>
      <article
        className="makeStyles-tile-4"
      >
        <WithStyles(ForwardRef(Typography))
          className="makeStyles-title-8"
          variant="h2"
        >
          <FormattedMessage
            id="pages.home.hobbies.tiles.programming.title"
            values={Object {}}
          />
        </WithStyles(ForwardRef(Typography))>
        <WithStyles(ForwardRef(Typography))
          className="makeStyles-tileDescription-5"
          variant="body1"
        >
          <FormattedMessage
            id="pages.home.hobbies.tiles.programming.description"
            values={Object {}}
          />
        </WithStyles(ForwardRef(Typography))>
        <img
          alt="Coding"
          className="makeStyles-tileImage-6"
          src="coding.jpg"
        />
      </article>
      <article
        className="makeStyles-tile-4"
      >
        <WithStyles(ForwardRef(Typography))
          className="makeStyles-title-8"
          variant="h2"
        >
          <FormattedMessage
            id="pages.home.hobbies.tiles.birdeaters.title"
            values={Object {}}
          />
        </WithStyles(ForwardRef(Typography))>
        <WithStyles(ForwardRef(Typography))
          className="makeStyles-tileDescription-5"
          variant="body1"
        >
          <FormattedMessage
            id="pages.home.hobbies.tiles.birdeaters.description"
            values={Object {}}
          />
        </WithStyles(ForwardRef(Typography))>
        <img
          alt="Coding"
          className="makeStyles-tileImage-6"
          src="lasiodora-parahybana.jpg"
        />
      </article>
    </div>
  </WithStyles(ForwardRef(Container))>
</section>
`;
